<testsuites id="" name="" tests="1" failures="0" skipped="0" errors="0" time="37.037036">
<testsuite name="AddToCart.spec.ts" timestamp="2024-10-22T14:10:11.957Z" hostname="chromium" tests="1" failures="0" skipped="0" time="23.246" errors="0">
<testcase name="Add product to cart and vrify it." classname="AddToCart.spec.ts" time="23.246">
<system-out>
<![CDATA[
[[ATTACHMENT|test-results\AddToCart-Add-product-to-cart-and-vrify-it--chromium\video.webm]]
]]>
</system-out>
</testcase>
</testsuite>
</testsuites>